Error: Remote exception
Error:     Exception has been thrown by the target of an invocation.
Error:     Could not find file 'C:\RemoteTasks.Workspace\Sessions\AssembleDebug_ca3df5ab-19af-4bff-aabc-a4fa75f6fe95\workdir\Out\out.ptptb'.
Error: Remote exception
Error:     Exception has been thrown by the target of an invocation.
Error:     Could not find file 'C:\RemoteTasks.Workspace\Sessions\AssembleDebug_ca3df5ab-19af-4bff-aabc-a4fa75f6fe95\workdir\Out\out.ptptb'.
Error: Remote exception
Error:     Exception has been thrown by the target of an invocation.
Error:     Could not find file 'C:\RemoteTasks.Workspace\Sessions\AssembleDebug_ca3df5ab-19af-4bff-aabc-a4fa75f6fe95\workdir\Out\out.ptptb'.
Error: Remote exception
Error:     Exception has been thrown by the target of an invocation.
Error:     Could not find file 'C:\RemoteTasks.Workspace\Sessions\AssembleDebug_29c57544-e59e-4a63-b6ae-7545d50f3ae0\workdir\Out\out.ptptb'.
Error: Remote exception
Error:     Exception has been thrown by the target of an invocation.
Error:     Could not find file 'C:\RemoteTasks.Workspace\Sessions\AssembleDebug_29c57544-e59e-4a63-b6ae-7545d50f3ae0\workdir\Out\out.ptptb'.
Error: Remote exception
Error:     Exception has been thrown by the target of an invocation.
Error:     Could not find file 'C:\RemoteTasks.Workspace\Sessions\AssembleDebug_29c57544-e59e-4a63-b6ae-7545d50f3ae0\workdir\Out\out.ptptb'.
Error: Remote exception
Error:     Exception has been thrown by the target of an invocation.
Error:     Could not find file 'C:\RemoteTasks.Workspace\Sessions\AssembleDebug_29c57544-e59e-4a63-b6ae-7545d50f3ae0\workdir\Out\out.ptptb'.
Error: Remote exception
Error:     Exception has been thrown by the target of an invocation.
Error:     Could not find file 'C:\RemoteTasks.Workspace\Sessions\AssembleDebug_97c5f5db-7dbe-4ab7-aad9-7b6319ee279a\workdir\Out\out.ptptb'.
Error: Remote exception
Error:     Exception has been thrown by the target of an invocation.
Error:     Could not find file 'C:\RemoteTasks.Workspace\Sessions\AssembleDebug_d121e2cb-b466-48c1-ba72-4b7d185f290f\workdir\Out\out.ptptb'.
Error: Remote exception
Error:     Exception has been thrown by the target of an invocation.
Error:     Could not find file 'C:\RemoteTasks.Workspace\Sessions\AssembleDebug_d121e2cb-b466-48c1-ba72-4b7d185f290f\workdir\Out\out.ptptb'.
Error: Remote exception
Error:     Exception has been thrown by the target of an invocation.
Error:     Could not find file 'C:\RemoteTasks.Workspace\Sessions\AssembleDebug_d121e2cb-b466-48c1-ba72-4b7d185f290f\workdir\Out\out.ptptb'.
Error: Remote exception
Error:     Exception has been thrown by the target of an invocation.
Error:     Could not find file 'C:\RemoteTasks.Workspace\Sessions\AssembleDebug_d121e2cb-b466-48c1-ba72-4b7d185f290f\workdir\Out\out.ptptb'.
Error: Remote exception
Error:     Exception has been thrown by the target of an invocation.
Error:     Could not find file 'C:\RemoteTasks.Workspace\Sessions\AssembleDebug_d121e2cb-b466-48c1-ba72-4b7d185f290f\workdir\Out\out.ptptb'.
Error: Remote exception
Error:     Exception has been thrown by the target of an invocation.
Error:     Could not find file 'C:\RemoteTasks.Workspace\Sessions\AssembleDebug_d121e2cb-b466-48c1-ba72-4b7d185f290f\workdir\Out\out.ptptb'.
Error: Remote exception
Error:     Exception has been thrown by the target of an invocation.
Error:     Could not find file 'C:\RemoteTasks.Workspace\Sessions\AssembleDebug_d121e2cb-b466-48c1-ba72-4b7d185f290f\workdir\Out\out.ptptb'.
Error: Remote exception
Error:     Exception has been thrown by the target of an invocation.
Error:     Could not find file 'C:\RemoteTasks.Workspace\Sessions\AssembleDebug_d121e2cb-b466-48c1-ba72-4b7d185f290f\workdir\Out\out.ptptb'.
Error: Remote exception
Error:     Exception has been thrown by the target of an invocation.
Error:     Could not find file 'C:\RemoteTasks.Workspace\Sessions\AssembleDebug_d121e2cb-b466-48c1-ba72-4b7d185f290f\workdir\Out\out.ptptb'.
Error: Remote exception
Error:     Exception has been thrown by the target of an invocation.
Error:     Could not find file 'C:\RemoteTasks.Workspace\Sessions\AssembleDebug_d121e2cb-b466-48c1-ba72-4b7d185f290f\workdir\Out\out.ptptb'.
Error: Remote exception
Error:     Exception has been thrown by the target of an invocation.
Error:     Could not find file 'C:\RemoteTasks.Workspace\Sessions\AssembleDebug_d121e2cb-b466-48c1-ba72-4b7d185f290f\workdir\Out\out.ptptb'.
Error: Remote exception
Error:     Exception has been thrown by the target of an invocation.
Error:     Could not find file 'C:\RemoteTasks.Workspace\Sessions\AssembleDebug_d121e2cb-b466-48c1-ba72-4b7d185f290f\workdir\Out\out.ptptb'.
Error: Remote exception
Error:     Exception has been thrown by the target of an invocation.
Error:     Could not find file 'C:\RemoteTasks.Workspace\Sessions\AssembleDebug_d121e2cb-b466-48c1-ba72-4b7d185f290f\workdir\Out\out.ptptb'.
Error: Remote exception
Error:     Exception has been thrown by the target of an invocation.
Error:     Could not find file 'C:\RemoteTasks.Workspace\Sessions\AssembleDebug_d121e2cb-b466-48c1-ba72-4b7d185f290f\workdir\Out\out.ptptb'.
Error: Remote exception
Error:     Exception has been thrown by the target of an invocation.
Error:     Could not find file 'C:\RemoteTasks.Workspace\Sessions\AssembleDebug_d121e2cb-b466-48c1-ba72-4b7d185f290f\workdir\Out\out.ptptb'.
Error: Remote exception
Error:     Exception has been thrown by the target of an invocation.
Error:     Could not find file 'C:\RemoteTasks.Workspace\Sessions\AssembleDebug_d121e2cb-b466-48c1-ba72-4b7d185f290f\workdir\Out\out.ptptb'.
Error: Remote exception
Error:     Exception has been thrown by the target of an invocation.
Error:     Could not find file 'C:\RemoteTasks.Workspace\Sessions\AssembleDebug_d121e2cb-b466-48c1-ba72-4b7d185f290f\workdir\Out\out.ptptb'.
Error: Remote exception
Error:     Exception has been thrown by the target of an invocation.
Error:     Could not find file 'C:\RemoteTasks.Workspace\Sessions\AssembleDebug_d121e2cb-b466-48c1-ba72-4b7d185f290f\workdir\Out\out.ptptb'.
Error: Remote exception
Error:     Exception has been thrown by the target of an invocation.
Error:     Could not find file 'C:\RemoteTasks.Workspace\Sessions\AssembleDebug_d121e2cb-b466-48c1-ba72-4b7d185f290f\workdir\Out\out.ptptb'.
Error: Remote exception
Error:     Exception has been thrown by the target of an invocation.
Error:     Could not find file 'C:\RemoteTasks.Workspace\Sessions\AssembleDebug_d121e2cb-b466-48c1-ba72-4b7d185f290f\workdir\Out\out.ptptb'.
Error: Remote exception
Error:     Exception has been thrown by the target of an invocation.
Error:     Could not find file 'C:\RemoteTasks.Workspace\Sessions\AssembleDebug_b8846cf4-e305-44e0-b3ce-7fc5c33f8e48\workdir\Out\out.ptptb'.
Error: Remote exception
Error:     Exception has been thrown by the target of an invocation.
Error:     Could not find file 'C:\RemoteTasks.Workspace\Sessions\AssembleDebug_b8846cf4-e305-44e0-b3ce-7fc5c33f8e48\workdir\Out\out.ptptb'.
Error: Remote exception
Error:     Exception has been thrown by the target of an invocation.
Error:     Could not find file 'C:\RemoteTasks.Workspace\Sessions\AssembleDebug_b8846cf4-e305-44e0-b3ce-7fc5c33f8e48\workdir\Out\out.ptptb'.
Error: Remote exception
Error:     Exception has been thrown by the target of an invocation.
Error:     Could not find file 'C:\RemoteTasks.Workspace\Sessions\AssembleDebug_8098b7d9-8355-44f3-87c7-87a9d4f15d04\workdir\Out\out.ptptb'.
Error: Remote exception
Error:     Exception has been thrown by the target of an invocation.
Error:     Could not find file 'C:\RemoteTasks.Workspace\Sessions\AssembleDebug_8098b7d9-8355-44f3-87c7-87a9d4f15d04\workdir\Out\out.ptptb'.
Error: Remote exception
Error:     Exception has been thrown by the target of an invocation.
Error:     Could not find file 'C:\RemoteTasks.Workspace\Sessions\AssembleDebug_8098b7d9-8355-44f3-87c7-87a9d4f15d04\workdir\Out\out.ptptb'.
Error: Remote exception
Error:     Exception has been thrown by the target of an invocation.
Error:     Could not find file 'C:\RemoteTasks.Workspace\Sessions\AssembleDebug_8098b7d9-8355-44f3-87c7-87a9d4f15d04\workdir\Out\out.ptptb'.
Error: Remote exception
Error:     Exception has been thrown by the target of an invocation.
Error:     Could not find file 'C:\RemoteTasks.Workspace\Sessions\AssembleDebug_f9b412aa-e46a-4566-bfc1-bb56e84fe3d9\workdir\Out\out.ptptb'.
Error: Remote exception
Error:     Exception has been thrown by the target of an invocation.
Error:     Could not find file 'C:\RemoteTasks.Workspace\Sessions\AssembleDebug_5e8df04d-978f-4de3-846a-2455588b70d4\workdir\Out\out.ptptb'.
Error: Remote exception
Error:     Exception has been thrown by the target of an invocation.
Error:     Could not find file 'C:\RemoteTasks.Workspace\Sessions\AssembleDebug_d5736a3d-ae4c-4a2b-93e2-531da5648066\workdir\Out\out.ptptb'.
Error: Remote exception
Error:     Exception has been thrown by the target of an invocation.
Error:     Could not find file 'C:\RemoteTasks.Workspace\Sessions\AssembleDebug_d5736a3d-ae4c-4a2b-93e2-531da5648066\workdir\Out\out.ptptb'.
Error: Remote exception
Error:     Exception has been thrown by the target of an invocation.
Error:     Could not find file 'C:\RemoteTasks.Workspace\Sessions\AssembleDebug_587fc82f-e99e-444e-8b65-c75b8c675e2a\workdir\Out\out.ptptb'.
Error: Remote exception
Error:     Exception has been thrown by the target of an invocation.
Error:     Could not find file 'C:\RemoteTasks.Workspace\Sessions\AssembleDebug_587fc82f-e99e-444e-8b65-c75b8c675e2a\workdir\Out\out.ptptb'.
Error: Remote exception
Error:     Exception has been thrown by the target of an invocation.
Error:     Could not find file 'C:\RemoteTasks.Workspace\Sessions\AssembleDebug_587fc82f-e99e-444e-8b65-c75b8c675e2a\workdir\Out\out.ptptb'.
Error: Remote exception
Error:     Exception has been thrown by the target of an invocation.
Error:     Could not find file 'C:\RemoteTasks.Workspace\Sessions\AssembleDebug_587fc82f-e99e-444e-8b65-c75b8c675e2a\workdir\Out\out.ptptb'.
Error: Remote exception
Error:     Exception has been thrown by the target of an invocation.
Error:     Could not find file 'C:\RemoteTasks.Workspace\Sessions\AssembleDebug_587fc82f-e99e-444e-8b65-c75b8c675e2a\workdir\Out\out.ptptb'.
Error: Remote exception
Error:     Exception has been thrown by the target of an invocation.
Error:     Could not find file 'C:\RemoteTasks.Workspace\Sessions\AssembleDebug_7cc46c56-95ea-4052-9462-90e12e6f7ed3\workdir\Out\out.ptptb'.
Error: Remote exception
Error:     Exception has been thrown by the target of an invocation.
Error:     Could not find file 'C:\RemoteTasks.Workspace\Sessions\AssembleDebug_7cc46c56-95ea-4052-9462-90e12e6f7ed3\workdir\Out\out.ptptb'.
Error: Remote exception
Error:     Exception has been thrown by the target of an invocation.
Error:     Could not find file 'C:\RemoteTasks.Workspace\Sessions\AssembleDebug_a6ec6a6e-86f7-455c-9c59-d251e5640595\workdir\Out\out.ptptb'.
Error: Remote exception
Error:     Exception has been thrown by the target of an invocation.
Error:     Could not find file 'C:\RemoteTasks.Workspace\Sessions\AssembleDebug_a6ec6a6e-86f7-455c-9c59-d251e5640595\workdir\Out\out.ptptb'.
Error: Remote exception
Error:     Exception has been thrown by the target of an invocation.
Error:     Could not find file 'C:\RemoteTasks.Workspace\Sessions\AssembleDebug_3c8fea8e-5e58-4ae3-a0de-9d45e0cab9ea\workdir\Out\out.ptptb'.
Error: Remote exception
Error:     Exception has been thrown by the target of an invocation.
Error:     Could not find file 'C:\RemoteTasks.Workspace\Sessions\AssembleDebug_9b687cc2-dc99-45f7-8e5c-686ba25d679c\workdir\Out\out.ptptb'.
Error: Remote exception
Error:     Exception has been thrown by the target of an invocation.
Error:     Could not find file 'C:\RemoteTasks.Workspace\Sessions\AssembleDebug_9b687cc2-dc99-45f7-8e5c-686ba25d679c\workdir\Out\out.ptptb'.
Error: Remote exception
Error:     Exception has been thrown by the target of an invocation.
Error:     Could not find file 'C:\RemoteTasks.Workspace\Sessions\AssembleDebug_90f09c67-3a54-435d-9d75-36a6e9d8f6a1\workdir\Out\out.ptptb'.
Error: Remote exception
Error:     Exception has been thrown by the target of an invocation.
Error:     Could not find file 'C:\RemoteTasks.Workspace\Sessions\AssembleDebug_90f09c67-3a54-435d-9d75-36a6e9d8f6a1\workdir\Out\out.ptptb'.
Error: Remote exception
Error:     Exception has been thrown by the target of an invocation.
Error:     Could not find file 'C:\RemoteTasks.Workspace\Sessions\AssembleDebug_66a196da-c4ff-4f56-8c30-b4334beda5fc\workdir\Out\out.ptptb'.
Error: Remote exception
Error:     Exception has been thrown by the target of an invocation.
Error:     Could not find file 'C:\RemoteTasks.Workspace\Sessions\AssembleDebug_66a196da-c4ff-4f56-8c30-b4334beda5fc\workdir\Out\out.ptptb'.
Error: Remote exception
Error:     Exception has been thrown by the target of an invocation.
Error:     Could not find file 'C:\RemoteTasks.Workspace\Sessions\AssembleDebug_66a196da-c4ff-4f56-8c30-b4334beda5fc\workdir\Out\out.ptptb'.
Error: Remote exception
Error:     Exception has been thrown by the target of an invocation.
Error:     Could not find file 'C:\RemoteTasks.Workspace\Sessions\AssembleDebug_2d361f4f-406f-4c39-96b2-c11fd7235b1d\workdir\Out\out.ptptb'.
Error: Remote exception
Error:     Exception has been thrown by the target of an invocation.
Error:     Could not find file 'C:\RemoteTasks.Workspace\Sessions\AssembleDebug_2d361f4f-406f-4c39-96b2-c11fd7235b1d\workdir\Out\out.ptptb'.
Error: Remote exception
Error:     Exception has been thrown by the target of an invocation.
Error:     Could not find file 'C:\RemoteTasks.Workspace\Sessions\AssembleDebug_2d361f4f-406f-4c39-96b2-c11fd7235b1d\workdir\Out\out.ptptb'.
Error: Remote exception
Error:     Exception has been thrown by the target of an invocation.
Error:     Could not find file 'C:\RemoteTasks.Workspace\Sessions\AssembleDebug_2d361f4f-406f-4c39-96b2-c11fd7235b1d\workdir\Out\out.ptptb'.
Error: Remote exception
Error:     Exception has been thrown by the target of an invocation.
Error:     Could not find file 'C:\RemoteTasks.Workspace\Sessions\AssembleDebug_2d361f4f-406f-4c39-96b2-c11fd7235b1d\workdir\Out\out.ptptb'.
Error: Remote exception
Error:     Exception has been thrown by the target of an invocation.
Error:     Could not find file 'C:\RemoteTasks.Workspace\Sessions\AssembleDebug_2d361f4f-406f-4c39-96b2-c11fd7235b1d\workdir\Out\out.ptptb'.
Error: Remote exception
Error:     Exception has been thrown by the target of an invocation.
Error:     Could not find file 'C:\RemoteTasks.Workspace\Sessions\AssembleDebug_2d361f4f-406f-4c39-96b2-c11fd7235b1d\workdir\Out\out.ptptb'.
Error: Remote exception
Error:     Exception has been thrown by the target of an invocation.
Error:     Could not find file 'C:\RemoteTasks.Workspace\Sessions\AssembleDebug_2d361f4f-406f-4c39-96b2-c11fd7235b1d\workdir\Out\out.ptptb'.
Error: Remote exception
Error:     Exception has been thrown by the target of an invocation.
Error:     Could not find file 'C:\RemoteTasks.Workspace\Sessions\AssembleDebug_0d1ae2a3-6602-4449-b9df-37d75964b9c5\workdir\Out\out.ptptb'.
Error: Remote exception
Error:     Exception has been thrown by the target of an invocation.
Error:     Could not find file 'C:\RemoteTasks.Workspace\Sessions\AssembleDebug_3c3ad701-a400-471f-bc9f-313405adde6b\workdir\Out\out.ptptb'.
Error: Remote exception
Error:     Exception has been thrown by the target of an invocation.
Error:     Could not find file 'C:\RemoteTasks.Workspace\Sessions\AssembleDebug_3c3ad701-a400-471f-bc9f-313405adde6b\workdir\Out\out.ptptb'.
Error: Remote exception
Error:     Exception has been thrown by the target of an invocation.
Error:     Could not find file 'C:\RemoteTasks.Workspace\Sessions\AssembleDebug_53fcf2a9-ba7b-49d0-8174-7bf44dc81dd8\workdir\Out\out.ptptb'.
Error: Remote exception
Error:     Exception has been thrown by the target of an invocation.
Error:     Could not find file 'C:\RemoteTasks.Workspace\Sessions\AssembleDebug_53fcf2a9-ba7b-49d0-8174-7bf44dc81dd8\workdir\Out\out.ptptb'.
Error: Remote exception
Error:     Exception has been thrown by the target of an invocation.
Error:     Could not find file 'C:\RemoteTasks.Workspace\Sessions\AssembleDebug_53fcf2a9-ba7b-49d0-8174-7bf44dc81dd8\workdir\Out\out.ptptb'.
Error: Remote exception
Error:     Exception has been thrown by the target of an invocation.
Error:     Could not find file 'C:\RemoteTasks.Workspace\Sessions\AssembleDebug_53fcf2a9-ba7b-49d0-8174-7bf44dc81dd8\workdir\Out\out.ptptb'.
Error: Remote exception
Error:     Exception has been thrown by the target of an invocation.
Error:     Could not find file 'C:\RemoteTasks.Workspace\Sessions\AssembleDebug_e916e4c2-2e19-4c40-b3f3-1db2939bb3c4\workdir\Out\out.ptptb'.
Error: Remote exception
Error:     Exception has been thrown by the target of an invocation.
Error:     Could not find file 'C:\RemoteTasks.Workspace\Sessions\AssembleDebug_88a9fb45-73c3-4d40-a36b-1e703ed041e9\workdir\Out\out.ptptb'.
Error: Remote exception
Error:     Exception has been thrown by the target of an invocation.
Error:     Could not find file 'C:\RemoteTasks.Workspace\Sessions\AssembleDebug_88a9fb45-73c3-4d40-a36b-1e703ed041e9\workdir\Out\out.ptptb'.
Error: Remote exception
Error:     Exception has been thrown by the target of an invocation.
Error:     Could not find file 'C:\RemoteTasks.Workspace\Sessions\AssembleDebug_2bf43269-18bd-4e10-bbd0-739eac779e87\workdir\Out\out.ptptb'.
Error: Remote exception
Error:     Exception has been thrown by the target of an invocation.
Error:     Could not find file 'C:\RemoteTasks.Workspace\Sessions\AssembleDebug_13c62044-0047-438d-8fc6-91e5ccda9bb5\workdir\Out\out.ptptb'.
Error: Remote exception
Error:     Exception has been thrown by the target of an invocation.
Error:     Could not find file 'C:\RemoteTasks.Workspace\Sessions\AssembleDebug_13c62044-0047-438d-8fc6-91e5ccda9bb5\workdir\Out\out.ptptb'.
Error: Remote exception
Error:     Exception has been thrown by the target of an invocation.
Error:     Could not find file 'C:\RemoteTasks.Workspace\Sessions\AssembleDebug_13c62044-0047-438d-8fc6-91e5ccda9bb5\workdir\Out\out.ptptb'.
Error: Remote exception
Error:     Exception has been thrown by the target of an invocation.
Error:     Could not find file 'C:\RemoteTasks.Workspace\Sessions\AssembleDebug_13c62044-0047-438d-8fc6-91e5ccda9bb5\workdir\Out\out.ptptb'.
Error: Remote exception
Error:     Exception has been thrown by the target of an invocation.
Error:     Could not find file 'C:\RemoteTasks.Workspace\Sessions\AssembleDebug_13c62044-0047-438d-8fc6-91e5ccda9bb5\workdir\Out\out.ptptb'.
Error: Remote exception
Error:     Exception has been thrown by the target of an invocation.
Error:     Could not find file 'C:\RemoteTasks.Workspace\Sessions\AssembleDebug_13c62044-0047-438d-8fc6-91e5ccda9bb5\workdir\Out\out.ptptb'.
Error: Remote exception
Error:     Exception has been thrown by the target of an invocation.
Error:     Could not find file 'C:\RemoteTasks.Workspace\Sessions\AssembleDebug_13c62044-0047-438d-8fc6-91e5ccda9bb5\workdir\Out\out.ptptb'.
Error: Remote exception
Error:     Exception has been thrown by the target of an invocation.
Error:     Could not find file 'C:\RemoteTasks.Workspace\Sessions\AssembleDebug_13c62044-0047-438d-8fc6-91e5ccda9bb5\workdir\Out\out.ptptb'.
Error: Remote exception
Error:     Exception has been thrown by the target of an invocation.
Error:     Could not find file 'C:\RemoteTasks.Workspace\Sessions\AssembleDebug_13c62044-0047-438d-8fc6-91e5ccda9bb5\workdir\Out\out.ptptb'.
Error: Remote exception
Error:     Exception has been thrown by the target of an invocation.
Error:     Could not find file 'C:\RemoteTasks.Workspace\Sessions\AssembleDebug_13c62044-0047-438d-8fc6-91e5ccda9bb5\workdir\Out\out.ptptb'.
Error: Remote exception
Error:     Exception has been thrown by the target of an invocation.
Error:     Could not find file 'C:\RemoteTasks.Workspace\Sessions\AssembleDebug_13c62044-0047-438d-8fc6-91e5ccda9bb5\workdir\Out\out.ptptb'.
Error: Remote exception
Error:     Exception has been thrown by the target of an invocation.
Error:     Could not find file 'C:\RemoteTasks.Workspace\Sessions\AssembleDebug_13c62044-0047-438d-8fc6-91e5ccda9bb5\workdir\Out\out.ptptb'.
Error: Remote exception
Error:     Exception has been thrown by the target of an invocation.
Error:     Could not find file 'C:\RemoteTasks.Workspace\Sessions\AssembleDebug_13c62044-0047-438d-8fc6-91e5ccda9bb5\workdir\Out\out.ptptb'.
Error: Remote exception
Error:     Exception has been thrown by the target of an invocation.
Error:     Could not find file 'C:\RemoteTasks.Workspace\Sessions\AssembleDebug_b4408352-646a-4469-9c5c-9a3ee23bc73d\workdir\Out\out.ptptb'.
Error: Remote exception
Error:     Exception has been thrown by the target of an invocation.
Error:     Could not find file 'C:\RemoteTasks.Workspace\Sessions\AssembleDebug_b4408352-646a-4469-9c5c-9a3ee23bc73d\workdir\Out\out.ptptb'.
Error: Remote exception
Error:     Exception has been thrown by the target of an invocation.
Error:     Could not find file 'C:\RemoteTasks.Workspace\Sessions\AssembleDebug_a131e965-f709-4f62-b3b1-e684fe72ebc5\workdir\Out\out.ptptb'.
Error: Remote exception
Error:     Exception has been thrown by the target of an invocation.
Error:     Could not find file 'C:\RemoteTasks.Workspace\Sessions\AssembleDebug_a131e965-f709-4f62-b3b1-e684fe72ebc5\workdir\Out\out.ptptb'.
Error: Remote exception
Error:     Exception has been thrown by the target of an invocation.
Error:     Could not find file 'C:\RemoteTasks.Workspace\Sessions\AssembleDebug_a131e965-f709-4f62-b3b1-e684fe72ebc5\workdir\Out\out.ptptb'.
Error: Remote exception
Error:     Exception has been thrown by the target of an invocation.
Error:     Could not find file 'C:\RemoteTasks.Workspace\Sessions\AssembleDebug_a131e965-f709-4f62-b3b1-e684fe72ebc5\workdir\Out\out.ptptb'.
Error: Remote exception
Error:     Exception has been thrown by the target of an invocation.
Error:     Could not find file 'C:\RemoteTasks.Workspace\Sessions\AssembleDebug_a131e965-f709-4f62-b3b1-e684fe72ebc5\workdir\Out\out.ptptb'.
Error: Remote exception
Error:     Exception has been thrown by the target of an invocation.
Error:     Could not find file 'C:\RemoteTasks.Workspace\Sessions\AssembleDebug_464ced04-4ae9-4a60-ac68-555df1589b5d\workdir\Out\out.ptptb'.
Error: Remote exception
Error:     Exception has been thrown by the target of an invocation.
Error:     Could not find file 'C:\RemoteTasks.Workspace\Sessions\AssembleDebug_6295c3d0-0689-407a-b53f-d8a2d5b35b52\workdir\Out\out.ptptb'.
Error: Remote exception
Error:     Exception has been thrown by the target of an invocation.
Error:     Could not find file 'C:\RemoteTasks.Workspace\Sessions\AssembleDebug_ec7394f8-d017-445b-aa6a-eade7b80c62b\workdir\Out\out.ptptb'.
Error: Remote exception
Error:     Exception has been thrown by the target of an invocation.
Error:     Could not find file 'C:\RemoteTasks.Workspace\Sessions\AssembleDebug_ec7394f8-d017-445b-aa6a-eade7b80c62b\workdir\Out\out.ptptb'.
Error: Remote exception
Error:     Exception has been thrown by the target of an invocation.
Error:     Could not find file 'C:\RemoteTasks.Workspace\Sessions\AssembleDebug_b41c2b23-7b70-4223-8ab2-00a836867d64\workdir\Out\out.ptptb'.
Error: Remote exception
Error:     Exception has been thrown by the target of an invocation.
Error:     Could not find file 'C:\RemoteTasks.Workspace\Sessions\AssembleDebug_85d7080c-0449-4634-b79c-9d670bbc785d\workdir\Out\out.ptptb'.
Error: Remote exception
Error:     Exception has been thrown by the target of an invocation.
Error:     Could not find file 'C:\RemoteTasks.Workspace\Sessions\AssembleDebug_85d7080c-0449-4634-b79c-9d670bbc785d\workdir\Out\out.ptptb'.
Error: Remote exception
Error:     Exception has been thrown by the target of an invocation.
Error:     Could not find file 'C:\RemoteTasks.Workspace\Sessions\AssembleDebug_f72e11e8-b2ae-41e8-b217-6129ee4429e9\workdir\Out\out.ptptb'.
Error: Remote exception
Error:     Exception has been thrown by the target of an invocation.
Error:     Could not find file 'C:\RemoteTasks.Workspace\Sessions\AssembleDebug_f72e11e8-b2ae-41e8-b217-6129ee4429e9\workdir\Out\out.ptptb'.
Error: Remote exception
Error:     Exception has been thrown by the target of an invocation.
Error:     Could not find file 'C:\RemoteTasks.Workspace\Sessions\AssembleDebug_9e815df3-8a29-4367-bc9c-6e348d7441ae\workdir\Out\out.ptptb'.
Error: Remote exception
Error:     Exception has been thrown by the target of an invocation.
Error:     Could not find file 'C:\RemoteTasks.Workspace\Sessions\AssembleDebug_9e815df3-8a29-4367-bc9c-6e348d7441ae\workdir\Out\out.ptptb'.
Error: Remote exception
Error:     Exception has been thrown by the target of an invocation.
Error:     Could not find file 'C:\RemoteTasks.Workspace\Sessions\AssembleDebug_4c5014ab-b111-42e3-abba-5a44ce75f942\workdir\Out\out.ptptb'.
Error: Remote exception
Error:     Exception has been thrown by the target of an invocation.
Error:     Could not find file 'C:\RemoteTasks.Workspace\Sessions\AssembleDebug_4c5014ab-b111-42e3-abba-5a44ce75f942\workdir\Out\out.ptptb'.
Task still working
Task still working
